// Jest Snapshot v1, https://goo.gl/fbAQLP

exports[`ErrorMessage component renders correctly 1`] = `
<View
  style={
    {
      "alignItems": "center",
      "backgroundColor": "#fff",
      "flex": 1,
      "justifyContent": "center",
    }
  }
>
  <Text />
  <Text
    style={
      {
        "color": "#191970",
        "fontSize": 20,
      }
    }
  >
    An error occurred
  </Text>
</View>
`;
