// Jest Snapshot v1, https://goo.gl/fbAQLP

exports[`StatusDisplay component renders correctly 1`] = `
<Text
  style={
    {
      "fontSize": 18,
      "fontStyle": "italic",
      "fontWeight": "bold",
    }
  }
>
  Recovered
  : 
  <Text />
</Text>
`;
